{
    "resources": [
        {
            "name": "eclab_ca",
            "type": "table",
            "path": "eclab_ca.csv",
            "scheme": "file",
            "format": "csv",
            "mediatype": "text/csv",
            "encoding": "utf-8",
            "schema": {
                "fields": [
                    {
                        "name": "mode",
                        "type": "integer"
                    },
                    {
                        "name": "ox/red",
                        "type": "integer"
                    },
                    {
                        "name": "error",
                        "type": "integer"
                    },
                    {
                        "name": "control changes",
                        "type": "integer"
                    },
                    {
                        "name": "Ns changes",
                        "type": "integer"
                    },
                    {
                        "name": "counter inc.",
                        "type": "integer"
                    },
                    {
                        "name": "Ns",
                        "type": "integer"
                    },
                    {
                        "name": "time/s",
                        "type": "number"
                    },
                    {
                        "name": "control/V",
                        "type": "number"
                    },
                    {
                        "name": "Ewe/V",
                        "type": "number"
                    },
                    {
                        "name": "I/mA",
                        "type": "number"
                    },
                    {
                        "name": "dQ/C",
                        "type": "number"
                    },
                    {
                        "name": "(Q-Qo)/C",
                        "type": "number"
                    },
                    {
                        "name": "I Range",
                        "type": "integer"
                    },
                    {
                        "name": "Q charge/discharge/mA.h",
                        "type": "number"
                    },
                    {
                        "name": "half cycle",
                        "type": "integer"
                    },
                    {
                        "name": "Q discharge/mA.h",
                        "type": "number"
                    },
                    {
                        "name": "Q charge/mA.h",
                        "type": "number"
                    },
                    {
                        "name": "Capacity/mA.h",
                        "type": "number"
                    },
                    {
                        "name": "Efficiency/%",
                        "type": "number"
                    },
                    {
                        "name": "cycle number",
                        "type": "number"
                    },
                    {
                        "name": "P/W",
                        "type": "number"
                    }
                ]
            },
            "metadata": {
                "echemdb": {
                    "experiment": {
                        "type": "BCV",
                        "comment": "intended approach"
                    },
                    "data description": {
                        "type": "raw",
                        "measurement type": "CA",
                        "scan rate": {
                            "comment": "variable"
                        },
                        "potential scale": {
                            "unit": "V",
                            "reference": "RHE"
                        },
                        "current": {
                            "unit": "mA"
                        }
                    },
                    "electrochemical system": {
                        "instrumentation": [
                            {
                                "type": "potentiostat",
                                "supplier": "Biologic VSP-300"
                            }
                        ],
                        "electrolyte": {
                            "type": "aq",
                            "components": [
                                {
                                    "name": "water",
                                    "type": "solvent",
                                    "source": {
                                        "refinement": "Merk Milli-Q IQ 7000"
                                    },
                                    "purity": {
                                        "grade": "ultrapure water",
                                        "total organic carbon": {
                                            "value": 3,
                                            "unit": "ppb"
                                        },
                                        "total ion conductivity": {
                                            "value": 18,
                                            "unit": "MOhm cm"
                                        }
                                    }
                                },
                                {
                                    "name": "HClO4",
                                    "type": "acid",
                                    "source": {
                                        "supplier": "Sigma Aldrich",
                                        "LOT": null
                                    },
                                    "concentration": {
                                        "value": 0.1,
                                        "unit": "mol / l"
                                    },
                                    "purity": {
                                        "grade": "ACS"
                                    }
                                },
                                {
                                    "name": "N2",
                                    "type": "gas",
                                    "purity": {
                                        "grade": "N5.0"
                                    },
                                    "pressure": {
                                        "unit": 1,
                                        "value": "bar"
                                    },
                                    "proportion": {
                                        "value": 100
                                    }
                                },
                                {
                                    "name": "CO",
                                    "type": "gas",
                                    "purity": {
                                        "value": 99.997,
                                        "unit": "percent"
                                    },
                                    "pressure": {
                                        "value": 1,
                                        "unit": "bar"
                                    },
                                    "proportion": {
                                        "value": 100
                                    }
                                }
                            ],
                            "ph": {
                                "value": 1,
                                "uncertainty": 0.1
                            },
                            "temperature": {
                                "value": 298.15,
                                "unit": "K"
                            }
                        },
                        "electrodes": {
                            "configuration": 3,
                            "reference electrode": {
                                "type": "RHE",
                                "source": {
                                    "supplier": "SI Analytics"
                                }
                            },
                            "counter electrode": {
                                "material": "graphite",
                                "crystallographic orientation": "poly",
                                "shape": "rod"
                            },
                            "working electrode": {
                                "material": "Pt",
                                "crystallographic orientation": "poly",
                                "source": {
                                    "supplier": "MaTecK",
                                    "LOT": 18111601
                                },
                                "shape": {
                                    "type": "beat",
                                    "height": {
                                        "value": "unknown",
                                        "unit": "mm"
                                    },
                                    "diameter": {
                                        "value": "unknown",
                                        "unit": "mm"
                                    }
                                },
                                "geometric electrolyte contact area": {
                                    "value": "unknown",
                                    "unit": "cm-2"
                                },
                                "preparation procedure": "procedure"
                            },
                            "electrochemical cell": {
                                "type": "electrochemical glass cell",
                                "components": [
                                    {
                                        "name": "glass",
                                        "part": "cell"
                                    },
                                    {
                                        "name": "Teflon",
                                        "part": "plug valve"
                                    }
                                ],
                                "cell description": "cell description"
                            }
                        }
                    },
                    "curation": {
                        "process": [
                            {
                                "role": "experimentalist",
                                "name": "Max Doe",
                                "orcid": "https://orcid.org/0000-0002-9686-3948",
                                "date": "2022-04-05"
                            }
                        ]
                    }
                }
            }
        }
    ]
}
